MPLINK 4.43, Linker
Linker Map File - Created Sat May 25 14:08:18 2013

                                 Section Info
                  Section       Type    Address   Location Size(Bytes)
                ---------  ---------  ---------  ---------  ---------
                   .org_0       code   0x000000    program   0x000000
                   .org_1       code   0x000000    program   0x000050
      .config_2007_KODU.O       code   0x002007    program   0x000002



                              Program Memory Usage 
                               Start         End      
                           ---------   ---------      
                            0x000000    0x000027      
                            0x002007    0x002007      
            41 out of 1094 program addresses used, program memory utilization is 3%



                              Symbols - Sorted by Name
                     Name    Address   Location    Storage File                     
                ---------  ---------  ---------  --------- ---------                
                   DONGU2   0x00001f    program     static C:\Users\Beril\MIKRO PROJE\pro pic\KAYAN LAMBA1\KODU.ASM
                   DONGU3   0x000021    program     static C:\Users\Beril\MIKRO PROJE\pro pic\KAYAN LAMBA1\KODU.ASM
                   DONGUl   0x00001d    program     static C:\Users\Beril\MIKRO PROJE\pro pic\KAYAN LAMBA1\KODU.ASM
                      SAG   0x000006    program     static C:\Users\Beril\MIKRO PROJE\pro pic\KAYAN LAMBA1\KODU.ASM
                      SOL   0x000012    program     static C:\Users\Beril\MIKRO PROJE\pro pic\KAYAN LAMBA1\KODU.ASM
                      SON   0x00000b    program     static C:\Users\Beril\MIKRO PROJE\pro pic\KAYAN LAMBA1\KODU.ASM
                   TEKRAR   0x000004    program     static C:\Users\Beril\MIKRO PROJE\pro pic\KAYAN LAMBA1\KODU.ASM
                    TIMER   0x00001b    program     static C:\Users\Beril\MIKRO PROJE\pro pic\KAYAN LAMBA1\KODU.ASM



                              Symbols - Sorted by Address
                     Name    Address   Location    Storage File                     
                ---------  ---------  ---------  --------- ---------                
                   TEKRAR   0x000004    program     static C:\Users\Beril\MIKRO PROJE\pro pic\KAYAN LAMBA1\KODU.ASM
                      SAG   0x000006    program     static C:\Users\Beril\MIKRO PROJE\pro pic\KAYAN LAMBA1\KODU.ASM
                      SON   0x00000b    program     static C:\Users\Beril\MIKRO PROJE\pro pic\KAYAN LAMBA1\KODU.ASM
                      SOL   0x000012    program     static C:\Users\Beril\MIKRO PROJE\pro pic\KAYAN LAMBA1\KODU.ASM
                    TIMER   0x00001b    program     static C:\Users\Beril\MIKRO PROJE\pro pic\KAYAN LAMBA1\KODU.ASM
                   DONGUl   0x00001d    program     static C:\Users\Beril\MIKRO PROJE\pro pic\KAYAN LAMBA1\KODU.ASM
                   DONGU2   0x00001f    program     static C:\Users\Beril\MIKRO PROJE\pro pic\KAYAN LAMBA1\KODU.ASM
                   DONGU3   0x000021    program     static C:\Users\Beril\MIKRO PROJE\pro pic\KAYAN LAMBA1\KODU.ASM


