MPASM  5.49                             A.ASM   5-31-2013  13:22:45         PAGE  1


LOC  OBJECT CODE     LINE SOURCE TEXT
  VALUE

Warning[205]: Found directive in column 1. (LIST)
                      00001 LIST P=16F84A
Warning[205]: Found directive in column 1. (INCLUDE)
                      00002 INCLUDE P16F84A.INC
                      00001         LIST
                      00002 
                      00003 ;==========================================================================
                      00004 ;  MPASM PIC16F84A processor include
                      00005 ; 
                      00006 ;  (c) Copyright 1999-2013 Microchip Technology, All rights reserved
                      00007 ;==========================================================================
                      00008 
                      00208         LIST
                      00003 
Warning[205]: Found directive in column 1. (__CONFIG)
2007   3FF3           00004 __CONFIG _CP_OFF & _WDT_OFF & _PWRTE_ON & _RC_OSC
                      00005 
Warning[203]: Found opcode in column 1. (BSF)
0000   1683           00006 BSF STATUS,5
Warning[203]: Found opcode in column 1. (CLRF)
Message[302]: Register in operand not in bank 0.  Ensure that bank bits are correct.
0001   0185           00007 CLRF TRISA
Warning[203]: Found opcode in column 1. (CLRF)
Message[302]: Register in operand not in bank 0.  Ensure that bank bits are correct.
0002   0186           00008 CLRF TRISB
Warning[203]: Found opcode in column 1. (BCF)
0003   1283           00009 BCF STATUS,5
Warning[203]: Found opcode in column 1. (CLRF)
0004   0186           00010 CLRF PORTB
                      00011 
0005                  00012 TEST
0005   1C85           00013         BTFSS PORTA,1
0006   2808           00014         GOTO TEST2
0007   280E           00015         GOTO YAK1
                      00016         
0008                  00017 TEST2
0008   1D05           00018         BTFSS PORTA,2
0009   280B           00019         GOTO TEST3
000A   2811           00020         GOTO YAK2
                      00021 
000B                  00022 TEST3
000B   1D85           00023         BTFSS PORTA,3
000C   2805           00024         GOTO TEST
000D   2814           00025         GOTO YAK3
                      00026 
000E                  00027 YAK1
000E   3030           00028         MOVLW B'00110000'
000F   0086           00029         MOVWF PORTB
0010   2810           00030 LOOP GOTO LOOP
                      00031 
0011                  00032 YAK2
0011   306D           00033         MOVLW B'01101101'
0012   0086           00034         MOVWF PORTB
MPASM  5.49                             A.ASM   5-31-2013  13:22:45         PAGE  2


LOC  OBJECT CODE     LINE SOURCE TEXT
  VALUE

0013   2813           00035 LOOP2 GOTO LOOP2
                      00036 
0014                  00037 YAK3
0014   3079           00038         MOVLW B'01111001'
0015   0086           00039         MOVWF PORTB
0016   2816           00040 LOOP3 GOTO LOOP3
                      00041 
Warning[205]: Found directive in column 1. (END)
                      00042 END
MPASM  5.49                             A.ASM   5-31-2013  13:22:45         PAGE  3


SYMBOL TABLE
  LABEL                             VALUE 

C                                 00000000
DC                                00000001
EEADR                             00000009
EECON1                            00000088
EECON2                            00000089
EEDATA                            00000008
EEIE                              00000006
EEIF                              00000004
F                                 00000001
FSR                               00000004
GIE                               00000007
INDF                              00000000
INTCON                            0000000B
INTE                              00000004
INTEDG                            00000006
INTF                              00000001
IRP                               00000007
LOOP                              00000010
LOOP2                             00000013
LOOP3                             00000016
NOT_PD                            00000003
NOT_RBPU                          00000007
NOT_TO                            00000004
OPTION_REG                        00000081
PCL                               00000002
PCLATH                            0000000A
PORTA                             00000005
PORTB                             00000006
PS0                               00000000
PS1                               00000001
PS2                               00000002
PSA                               00000003
RA0                               00000000
RA1                               00000001
RA2                               00000002
RA3                               00000003
RA4                               00000004
RB0                               00000000
RB1                               00000001
RB2                               00000002
RB3                               00000003
RB4                               00000004
RB5                               00000005
RB6                               00000006
RB7                               00000007
RBIE                              00000003
RBIF                              00000000
RD                                00000000
RP0                               00000005
RP1                               00000006
STATUS                            00000003
T0CS                              00000005
T0IE                              00000005
MPASM  5.49                             A.ASM   5-31-2013  13:22:45         PAGE  4


SYMBOL TABLE
  LABEL                             VALUE 

T0IF                              00000002
T0SE                              00000004
TEST                              00000005
TEST2                             00000008
TEST3                             0000000B
TMR0                              00000001
TMR0IE                            00000005
TMR0IF                            00000002
TRISA                             00000085
TRISA0                            00000000
TRISA1                            00000001
TRISA2                            00000002
TRISA3                            00000003
TRISA4                            00000004
TRISB                             00000086
TRISB0                            00000000
TRISB1                            00000001
TRISB2                            00000002
TRISB3                            00000003
TRISB4                            00000004
TRISB5                            00000005
TRISB6                            00000006
TRISB7                            00000007
W                                 00000000
WR                                00000001
WREN                              00000002
WRERR                             00000003
YAK1                              0000000E
YAK2                              00000011
YAK3                              00000014
Z                                 00000002
_CONFIG                           00002007
_CP_OFF                           00003FFF
_CP_ON                            0000000F
_DEVID1                           00002006
_FOSC_EXTRC                       00003FFF
_FOSC_HS                          00003FFE
_FOSC_LP                          00003FFC
_FOSC_XT                          00003FFD
_HS_OSC                           00003FFE
_IDLOC0                           00002000
_IDLOC1                           00002001
_IDLOC2                           00002002
_IDLOC3                           00002003
_LP_OSC                           00003FFC
_PWRTE_OFF                        00003FFF
_PWRTE_ON                         00003FF7
_RC_OSC                           00003FFF
_WDTE_OFF                         00003FFB
_WDTE_ON                          00003FFF
_WDT_OFF                          00003FFB
_WDT_ON                           00003FFF
_XT_OSC                           00003FFD
MPASM  5.49                             A.ASM   5-31-2013  13:22:45         PAGE  5


SYMBOL TABLE
  LABEL                             VALUE 

__16F84A                          00000001
__DEBUG                           1


MEMORY USAGE MAP ('X' = Used,  '-' = Unused)

0000 : XXXXXXXXXXXXXXXX XXXXXXX--------- ---------------- ----------------
2000 : -------X-------- ---------------- ---------------- ----------------

All other memory blocks unused.

Program Memory Words Used:    23
Program Memory Words Free:  1001


Errors   :     0
Warnings :     9 reported,     0 suppressed
Messages :     2 reported,     0 suppressed

