MPLINK 4.47, Linker
Linker Map File - Created Fri May 31 13:22:46 2013

                                 Section Info
                  Section       Type    Address   Location Size(Bytes)
                ---------  ---------  ---------  ---------  ---------
                   .org_0       code   0x000000    program   0x00002e
         .config_2007_A.O       code   0x002007    program   0x000002



                              Program Memory Usage 
                               Start         End      
                           ---------   ---------      
                            0x000000    0x000016      
                            0x002007    0x002007      
            24 out of 1094 program addresses used, program memory utilization is 2%



                              Symbols - Sorted by Name
                     Name    Address   Location    Storage File                     
                ---------  ---------  ---------  --------- ---------                
                     LOOP   0x000010    program     static C:\Users\AKINN\Desktop\eray2\a\a.asm
                    LOOP2   0x000013    program     static C:\Users\AKINN\Desktop\eray2\a\a.asm
                    LOOP3   0x000016    program     static C:\Users\AKINN\Desktop\eray2\a\a.asm
                     TEST   0x000005    program     static C:\Users\AKINN\Desktop\eray2\a\a.asm
                    TEST2   0x000008    program     static C:\Users\AKINN\Desktop\eray2\a\a.asm
                    TEST3   0x00000b    program     static C:\Users\AKINN\Desktop\eray2\a\a.asm
                     YAK1   0x00000e    program     static C:\Users\AKINN\Desktop\eray2\a\a.asm
                     YAK2   0x000011    program     static C:\Users\AKINN\Desktop\eray2\a\a.asm
                     YAK3   0x000014    program     static C:\Users\AKINN\Desktop\eray2\a\a.asm



                              Symbols - Sorted by Address
                     Name    Address   Location    Storage File                     
                ---------  ---------  ---------  --------- ---------                
                     TEST   0x000005    program     static C:\Users\AKINN\Desktop\eray2\a\a.asm
                    TEST2   0x000008    program     static C:\Users\AKINN\Desktop\eray2\a\a.asm
                    TEST3   0x00000b    program     static C:\Users\AKINN\Desktop\eray2\a\a.asm
                     YAK1   0x00000e    program     static C:\Users\AKINN\Desktop\eray2\a\a.asm
                     LOOP   0x000010    program     static C:\Users\AKINN\Desktop\eray2\a\a.asm
                     YAK2   0x000011    program     static C:\Users\AKINN\Desktop\eray2\a\a.asm
                    LOOP2   0x000013    program     static C:\Users\AKINN\Desktop\eray2\a\a.asm
                     YAK3   0x000014    program     static C:\Users\AKINN\Desktop\eray2\a\a.asm
                    LOOP3   0x000016    program     static C:\Users\AKINN\Desktop\eray2\a\a.asm


