MPLINK 4.48, Linker
Linker Map File - Created Wed May 22 15:03:21 2013

                                 Section Info
                  Section       Type    Address   Location Size(Bytes)
                ---------  ---------  ---------  ---------  ---------
                   .org_0       code   0x000000    program   0x000062
                   .cinit    romdata   0x000031    program   0x000004
     .config_2007_PROJE.O       code   0x002007    program   0x000002



                              Program Memory Usage 
                               Start         End      
                           ---------   ---------      
                            0x000000    0x000032      
                            0x002007    0x002007      
            52 out of 1094 program addresses used, program memory utilization is 4%



                              Symbols - Sorted by Name
                     Name    Address   Location    Storage File                     
                ---------  ---------  ---------  --------- ---------                
                 LEDonoff   0x000004    program     static C:\Users\Süleyman\Desktop\proje\proje.asm
                    delay   0x000029    program     static C:\Users\Süleyman\Desktop\proje\proje.asm
                    jloop   0x00002b    program     static C:\Users\Süleyman\Desktop\proje\proje.asm
                    kloop   0x00002c    program     static C:\Users\Süleyman\Desktop\proje\proje.asm



                              Symbols - Sorted by Address
                     Name    Address   Location    Storage File                     
                ---------  ---------  ---------  --------- ---------                
                 LEDonoff   0x000004    program     static C:\Users\Süleyman\Desktop\proje\proje.asm
                    delay   0x000029    program     static C:\Users\Süleyman\Desktop\proje\proje.asm
                    jloop   0x00002b    program     static C:\Users\Süleyman\Desktop\proje\proje.asm
                    kloop   0x00002c    program     static C:\Users\Süleyman\Desktop\proje\proje.asm


